// Vitest Snapshot v1, https://vitest.dev/guide/snapshot.html

exports[`public API > ./auth 1`] = `
[
  "DiscoveryError",
  "ENV_VAR_NAMES",
  "MCP_PROTOCOL_VERSION",
  "discoverAuthorizationServer",
  "discoverProtectedResource",
  "hasValidTokens",
  "loadTokens",
  "loadTokensFromEnv",
  "performClientCredentialsFlow",
]
`;

exports[`public API > ./evals 1`] = `
[
  "BUILT_IN_METRICS",
  "EvalConfigSchema",
  "FileEvalResultStore",
  "GCSEvalResultStore",
  "PLANNED_WRITE_KEY",
  "buildEvalDataset",
  "buildToolSurface",
  "compareEvalRuns",
  "comparePairwise",
  "computeMetrics",
  "createDefaultArtifactId",
  "createEvalResultStore",
  "createStoredEvalArtifact",
  "defaultEnvironmentMetadata",
  "dryRunProxyServer",
  "getMissingDependencyMessage",
  "getPairwiseJudge",
  "isEvalResultStore",
  "isProviderAvailable",
  "loadBaseline",
  "loadEvalConfig",
  "loadEvalConfigFromObject",
  "loadStoredEvalRunnerResult",
  "resolveConfigExtends",
  "resolveDatasetPaths",
  "resolveEvalResultStore",
  "resolveMetric",
  "resolveResultStoreConfig",
  "runEval",
  "runEvalBatch",
  "runToolOptimization",
  "saveBaseline",
  "saveEvalRunComparison",
  "validateEvalConfig",
  "variantToolMetadata",
]
`;

exports[`public API > ./experimental/clients 1`] = `
[
  "COWORK_STDIO_PLATFORMS",
  "auditCoworkNativeRun",
  "clientStdioServers",
  "coworkManagedPluginSettings",
  "coworkMcpSettingsMatch",
  "coworkPluginMarketplace",
  "coworkPluginSettingsMatch",
  "materializeClientStdioFiles",
  "resolveClientStdioServer",
]
`;

exports[`public API > ./fixtures/mcp and ./fixtures/mcpAuth 1`] = `
{
  "mcp": [
    "expect",
    "test",
  ],
  "mcpAuth": [
    "expect",
    "test",
  ],
}
`;

exports[`public API > root 1`] = `
[
  "BUILT_IN_RUBRICS",
  "CLIOAuthClient",
  "DEFAULT_PROTOCOL_SETTING",
  "EvalCaseSchema",
  "EvalDatasetSchema",
  "FIRST_MODERN_PROTOCOL_VERSION",
  "LEGACY_PROTOCOL_VERSIONS",
  "MCPConfigSchema",
  "MODERN_PROTOCOL_VERSIONS",
  "PlaywrightOAuthClientProvider",
  "SKILLS_EXTENSION_ID",
  "SkillEntrySchema",
  "SnapshotSanitizers",
  "callToolNormalized",
  "closeMCPClient",
  "createFixtureExtensions",
  "createJudge",
  "createMCPClientForConfig",
  "createMCPFixture",
  "createTokenAuthHeaders",
  "eraOfRevision",
  "expect",
  "extractText",
  "getProtocolInfo",
  "getSkill",
  "getSkillsExtension",
  "getToolProtocolError",
  "injectTokens",
  "installPlugins",
  "isBuiltInRubric",
  "isHttpConfig",
  "isProtocolRevision",
  "isStdioConfig",
  "isTokenExpired",
  "isTokenExpiringSoon",
  "listSkills",
  "loadEvalDataset",
  "loadEvalDatasetFromObject",
  "mcpAuthTest",
  "normalizeToolResponse",
  "normalizeWhitespace",
  "parseSkillFrontmatter",
  "performOAuthSetup",
  "performOAuthSetupIfNeeded",
  "playwrightSnapshotStore",
  "protocolMatrix",
  "readSkillFile",
  "refreshAccessToken",
  "resolveRubric",
  "runConformanceChecks",
  "runCrossEraChecks",
  "runEvalCase",
  "runEvalDataset",
  "test",
  "validateAccessToken",
  "validateError",
  "validateEvalCase",
  "validateEvalDataset",
  "validateJudge",
  "validateMCPConfig",
  "validatePattern",
  "validatePredicate",
  "validateResponse",
  "validateSchema",
  "validateSize",
  "validateSkillEntry",
  "validateSnapshot",
  "validateText",
  "validateToolCallCount",
  "validateToolCalls",
  "verifySkillFile",
]
`;
